// Jest Snapshot v1, https://goo.gl/fbAQLP

exports[`actions populate list of posts 1`] = `
Array [
  Object {
    "args": Array [
      Object {
        "avatar_urls": Object {
          "24": "http://0.gravatar.com/avatar/?s=24&d=mm&r=g",
          "48": "http://0.gravatar.com/avatar/?s=48&d=mm&r=g",
          "96": "http://0.gravatar.com/avatar/?s=96&d=mm&r=g",
        },
        "description": "",
        "id": 1,
        "link": "http://frontity.test/author/admin/",
        "name": "admin",
        "slug": "admin",
        "type": "author",
        "url": "",
      },
    ],
    "method": "set",
    "path": "source.author.1",
  },
  Object {
    "args": Array [
      Object {
        "isFetching": false,
      },
    ],
    "method": "set",
    "path": "source.data./author/admin/",
  },
  Object {
    "args": Array [
      Object {
        "id": 1,
        "link": "http://frontity.test/category/uncategorized/",
        "name": "Uncategorized",
        "slug": "uncategorized",
        "taxonomy": "category",
        "type": "category",
      },
    ],
    "method": "set",
    "path": "source.category.1",
  },
  Object {
    "args": Array [
      Object {
        "isFetching": false,
      },
    ],
    "method": "set",
    "path": "source.data./category/uncategorized/",
  },
  Object {
    "args": Array [
      Object {
        "id": 4,
        "link": "http://frontity.test/category/aut-vel-dolores-exercitationem-cupiditate-et-quis-aperiam/",
        "name": "Aut vel dolores exercitationem cupiditate et quis aperiam",
        "slug": "aut-vel-dolores-exercitationem-cupiditate-et-quis-aperiam",
        "taxonomy": "category",
        "type": "category",
      },
    ],
    "method": "set",
    "path": "source.category.4",
  },
  Object {
    "args": Array [
      Object {
        "isFetching": false,
      },
    ],
    "method": "set",
    "path": "source.data./category/aut-vel-dolores-exercitationem-cupiditate-et-quis-aperiam/",
  },
  Object {
    "args": Array [
      Object {
        "id": 6,
        "link": "http://frontity.test/category/et-modi-distinctio-voluptatem-quia-cupiditate-labore-corrupti-perferendis-ut-autem/",
        "name": "Et modi distinctio voluptatem quia cupiditate labore corrupti perferendis ut autem",
        "slug": "et-modi-distinctio-voluptatem-quia-cupiditate-labore-corrupti-perferendis-ut-autem",
        "taxonomy": "category",
        "type": "category",
      },
    ],
    "method": "set",
    "path": "source.category.6",
  },
  Object {
    "args": Array [
      Object {
        "isFetching": false,
      },
    ],
    "method": "set",
    "path": "source.data./category/et-modi-distinctio-voluptatem-quia-cupiditate-labore-corrupti-perferendis-ut-autem/",
  },
  Object {
    "args": Array [
      Object {
        "id": 7,
        "link": "http://frontity.test/category/beatae-numquam-tempore-ut-aut-architecto-dolor-adipisci-asperiores-distinctio-facere-perferendis/",
        "name": "Beatae numquam tempore ut aut architecto dolor adipisci asperiores distinctio facere perferendis",
        "slug": "beatae-numquam-tempore-ut-aut-architecto-dolor-adipisci-asperiores-distinctio-facere-perferendis",
        "taxonomy": "category",
        "type": "category",
      },
    ],
    "method": "set",
    "path": "source.category.7",
  },
  Object {
    "args": Array [
      Object {
        "isFetching": false,
      },
    ],
    "method": "set",
    "path": "source.data./category/beatae-numquam-tempore-ut-aut-architecto-dolor-adipisci-asperiores-distinctio-facere-perferendis/",
  },
  Object {
    "args": Array [
      Object {
        "id": 9,
        "link": "http://frontity.test/category/odio-distinctio-odit-numquam-asperiores-neque-eos-sed/",
        "name": "Odio distinctio odit numquam asperiores neque eos sed",
        "slug": "odio-distinctio-odit-numquam-asperiores-neque-eos-sed",
        "taxonomy": "category",
        "type": "category",
      },
    ],
    "method": "set",
    "path": "source.category.9",
  },
  Object {
    "args": Array [
      Object {
        "isFetching": false,
      },
    ],
    "method": "set",
    "path": "source.data./category/odio-distinctio-odit-numquam-asperiores-neque-eos-sed/",
  },
  Object {
    "args": Array [
      Object {
        "id": 13,
        "link": "http://frontity.test/tag/est-velit-earum-ut-nam-voluptates-asperiores-odio-alias-nihil-eum-ratione-et-repudiandae/",
        "name": "Est velit earum ut nam voluptates asperiores odio alias nihil eum ratione et repudiandae",
        "slug": "est-velit-earum-ut-nam-voluptates-asperiores-odio-alias-nihil-eum-ratione-et-repudiandae",
        "taxonomy": "tag",
        "type": "tag",
      },
    ],
    "method": "set",
    "path": "source.tag.13",
  },
  Object {
    "args": Array [
      Object {
        "isFetching": false,
      },
    ],
    "method": "set",
    "path": "source.data./tag/est-velit-earum-ut-nam-voluptates-asperiores-odio-alias-nihil-eum-ratione-et-repudiandae/",
  },
  Object {
    "args": Array [
      Object {
        "id": 15,
        "link": "http://frontity.test/category/dolorem-ut-ea-sit-quidem-et-quia-id-qui-provident/",
        "name": "Dolorem ut ea sit quidem et quia id qui provident",
        "slug": "dolorem-ut-ea-sit-quidem-et-quia-id-qui-provident",
        "taxonomy": "category",
        "type": "category",
      },
    ],
    "method": "set",
    "path": "source.category.15",
  },
  Object {
    "args": Array [
      Object {
        "isFetching": false,
      },
    ],
    "method": "set",
    "path": "source.data./category/dolorem-ut-ea-sit-quidem-et-quia-id-qui-provident/",
  },
  Object {
    "args": Array [
      Object {
        "id": 16,
        "link": "http://frontity.test/category/sit-ut-vero-illo-consequatur-hic-ut-voluptate-qui/",
        "name": "Sit ut vero illo consequatur hic ut voluptate qui",
        "slug": "sit-ut-vero-illo-consequatur-hic-ut-voluptate-qui",
        "taxonomy": "category",
        "type": "category",
      },
    ],
    "method": "set",
    "path": "source.category.16",
  },
  Object {
    "args": Array [
      Object {
        "isFetching": false,
      },
    ],
    "method": "set",
    "path": "source.data./category/sit-ut-vero-illo-consequatur-hic-ut-voluptate-qui/",
  },
  Object {
    "args": Array [
      Object {
        "id": 17,
        "link": "http://frontity.test/tag/a-id-autem-et-esse-id-adipisci/",
        "name": "A id autem et esse id adipisci",
        "slug": "a-id-autem-et-esse-id-adipisci",
        "taxonomy": "tag",
        "type": "tag",
      },
    ],
    "method": "set",
    "path": "source.tag.17",
  },
  Object {
    "args": Array [
      Object {
        "isFetching": false,
      },
    ],
    "method": "set",
    "path": "source.data./tag/a-id-autem-et-esse-id-adipisci/",
  },
  Object {
    "args": Array [
      Object {
        "id": 19,
        "link": "http://frontity.test/tag/possimus-minima-amet-eum-alias-quo-magni-quas-a-est-amet-et-sunt/",
        "name": "Possimus minima amet eum alias quo magni quas a est amet et sunt",
        "slug": "possimus-minima-amet-eum-alias-quo-magni-quas-a-est-amet-et-sunt",
        "taxonomy": "tag",
        "type": "tag",
      },
    ],
    "method": "set",
    "path": "source.tag.19",
  },
  Object {
    "args": Array [
      Object {
        "isFetching": false,
      },
    ],
    "method": "set",
    "path": "source.data./tag/possimus-minima-amet-eum-alias-quo-magni-quas-a-est-amet-et-sunt/",
  },
  Object {
    "args": Array [
      Object {
        "_embedded": Object {
          "author": Array [
            1,
          ],
          "replies": Array [
            Array [
              Object {
                "author": 0,
                "author_avatar_urls": Object {
                  "24": "http://1.gravatar.com/avatar/?s=24&d=mm&r=g",
                  "48": "http://1.gravatar.com/avatar/?s=48&d=mm&r=g",
                  "96": "http://1.gravatar.com/avatar/?s=96&d=mm&r=g",
                },
                "author_name": "A WordPress Commenter",
                "author_url": "https://wordpress.org/",
                "content": Object {
                  "rendered": "<p>Hi, this is a comment.<br />
To get started with moderating, editing, and deleting comments, please visit the Comments screen in the dashboard.<br />
Commenter avatars come from <a href=\\"https://gravatar.com\\">Gravatar</a>.</p>
",
                },
                "date": "2019-03-11T11:46:53",
                "id": 1,
                "link": "http://frontity.test/hello-world/#comment-1",
                "parent": 0,
                "type": "comment",
              },
            ],
          ],
          "wp:term": Array [
            Array [
              1,
            ],
            Array [],
            Array [],
          ],
        },
        "author": 1,
        "categories": Array [
          1,
        ],
        "comment_status": "open",
        "content": Object {
          "protected": false,
          "rendered": "
<p>Welcome to WordPress. This is your first post. Edit or delete it, then start writing!</p>
",
        },
        "date": "2019-03-11T11:46:53",
        "date_gmt": "2019-03-11T11:46:53",
        "excerpt": Object {
          "protected": false,
          "rendered": "<p>Welcome to WordPress. This is your first post. Edit or delete it, then start writing!</p>
",
        },
        "featured_media": 0,
        "format": "standard",
        "guid": Object {
          "rendered": "http://frontity.test/?p=1",
        },
        "id": 1,
        "link": "http://frontity.test/hello-world/",
        "meta": Array [],
        "modified": "2019-03-11T11:46:53",
        "modified_gmt": "2019-03-11T11:46:53",
        "news": Array [],
        "ping_status": "open",
        "slug": "hello-world",
        "status": "publish",
        "sticky": false,
        "tags": Array [],
        "taxonomiesMap": Object {
          "category": Array [
            1,
          ],
        },
        "template": "",
        "title": Object {
          "rendered": "Hello world!",
        },
        "type": "post",
      },
    ],
    "method": "set",
    "path": "source.post.1",
  },
  Object {
    "args": Array [
      Object {
        "isFetching": false,
      },
    ],
    "method": "set",
    "path": "source.data./hello-world/",
  },
  Object {
    "args": Array [
      Object {
        "_embedded": Object {
          "author": Array [
            1,
          ],
          "wp:featuredmedia": Array [
            84,
          ],
          "wp:term": Array [
            Array [
              7,
              16,
              1,
            ],
            Array [
              17,
              13,
              19,
            ],
            Array [],
          ],
        },
        "author": 1,
        "categories": Array [
          7,
          16,
          1,
        ],
        "comment_status": "open",
        "content": Object {
          "protected": false,
          "rendered": "<blockquote><p>Odio tenetur qui veniam. Facere eaque voluptate enim facilis. Nemo omnis sed rerum velit.</p></blockquote>
",
        },
        "date": "2019-02-13T15:37:00",
        "date_gmt": "2019-02-13T15:37:00",
        "excerpt": Object {
          "protected": false,
          "rendered": "<p>Odio tenetur qui veniam. Facere eaque voluptate enim facilis. Nemo omnis sed rerum velit.</p>
",
        },
        "featured_media": 84,
        "format": "standard",
        "guid": Object {
          "rendered": "http://frontity.test/veniam-reiciendis-esse-aliquid/",
        },
        "id": 83,
        "link": "http://frontity.test/veniam-reiciendis-esse-aliquid/",
        "meta": Array [],
        "modified": "2019-02-13T15:37:00",
        "modified_gmt": "2019-02-13T15:37:00",
        "news": Array [],
        "ping_status": "open",
        "slug": "veniam-reiciendis-esse-aliquid",
        "status": "publish",
        "sticky": false,
        "tags": Array [
          17,
          13,
          19,
        ],
        "taxonomiesMap": Object {
          "category": Array [
            7,
            16,
            1,
          ],
          "tag": Array [
            17,
            13,
            19,
          ],
        },
        "template": "",
        "title": Object {
          "rendered": "Veniam reiciendis esse aliquid",
        },
        "type": "post",
      },
    ],
    "method": "set",
    "path": "source.post.83",
  },
  Object {
    "args": Array [
      Object {
        "isFetching": false,
      },
    ],
    "method": "set",
    "path": "source.data./veniam-reiciendis-esse-aliquid/",
  },
  Object {
    "args": Array [
      Object {
        "_embedded": Object {
          "author": Array [
            1,
          ],
          "wp:featuredmedia": Array [
            113,
          ],
          "wp:term": Array [
            Array [
              4,
              15,
              6,
              9,
            ],
            Array [
              17,
              13,
              19,
            ],
            Array [],
          ],
        },
        "author": 1,
        "categories": Array [
          4,
          15,
          6,
          9,
        ],
        "comment_status": "open",
        "content": Object {
          "protected": false,
          "rendered": "<h1>Mollitia debitis commodi dolor suscipit voluptas voluptatem dolor. Voluptate eligendi suscipit voluptates in. Velit perferendis saepe consequuntur rem animi</h1>
",
        },
        "date": "2019-01-09T13:14:41",
        "date_gmt": "2019-01-09T13:14:41",
        "excerpt": Object {
          "protected": false,
          "rendered": "<p>Mollitia debitis commodi dolor suscipit voluptas voluptatem dolor. Voluptate eligendi suscipit voluptates in. Velit perferendis saepe consequuntur rem animi</p>
",
        },
        "featured_media": 113,
        "format": "standard",
        "guid": Object {
          "rendered": "http://frontity.test/eum-ipsum-eos-sit-sed-sint/",
        },
        "id": 112,
        "link": "http://frontity.test/eum-ipsum-eos-sit-sed-sint/",
        "meta": Array [],
        "modified": "2019-01-09T13:14:41",
        "modified_gmt": "2019-01-09T13:14:41",
        "news": Array [],
        "ping_status": "closed",
        "slug": "eum-ipsum-eos-sit-sed-sint",
        "status": "publish",
        "sticky": false,
        "tags": Array [
          17,
          13,
          19,
        ],
        "taxonomiesMap": Object {
          "category": Array [
            4,
            15,
            6,
            9,
          ],
          "tag": Array [
            17,
            13,
            19,
          ],
        },
        "template": "",
        "title": Object {
          "rendered": "Eum ipsum eos sit sed sint",
        },
        "type": "post",
      },
    ],
    "method": "set",
    "path": "source.post.112",
  },
  Object {
    "args": Array [
      Object {
        "isFetching": false,
      },
    ],
    "method": "set",
    "path": "source.data./eum-ipsum-eos-sit-sed-sint/",
  },
  Object {
    "args": Array [
      Object {
        "alt_text": "",
        "author": 1,
        "caption": Object {
          "rendered": "",
        },
        "date": "2019-04-10T09:47:02",
        "id": 84,
        "link": "http://frontity.test/84/",
        "media_details": Object {},
        "media_type": "image",
        "mime_type": "image/jpeg",
        "slug": "84",
        "source_url": "http://frontity.test/wp-content/uploads/2019/04/f561cebe-f042-37cc-ba31-cf202fb98a1b.jpg",
        "title": Object {
          "rendered": "",
        },
        "type": "attachment",
      },
    ],
    "method": "set",
    "path": "source.attachment.84",
  },
  Object {
    "args": Array [
      Object {
        "isFetching": false,
      },
    ],
    "method": "set",
    "path": "source.data./84/",
  },
  Object {
    "args": Array [
      Object {
        "alt_text": "",
        "author": 1,
        "caption": Object {
          "rendered": "",
        },
        "date": "2019-04-10T09:47:34",
        "id": 113,
        "link": "http://frontity.test/113/",
        "media_details": Object {},
        "media_type": "image",
        "mime_type": "image/jpeg",
        "slug": "113",
        "source_url": "http://frontity.test/wp-content/uploads/2019/04/9ee08884-e986-37bb-9e3e-6c742af8ff9c.jpg",
        "title": Object {
          "rendered": "",
        },
        "type": "attachment",
      },
    ],
    "method": "set",
    "path": "source.attachment.113",
  },
  Object {
    "args": Array [
      Object {
        "isFetching": false,
      },
    ],
    "method": "set",
    "path": "source.data./113/",
  },
]
`;
